
> temp-app@0.1.0 build
> next build

Γû▓ Next.js 16.2.4 (Turbopack)

  Creating an optimized production build ...
Γ£ô Compiled successfully in 12.7s
  Running TypeScript ...
  Finished TypeScript in 15.7s ...
  Collecting page data using 7 workers ...
  Generating static pages using 7 workers (0/67) ...
  Generating static pages using 7 workers (16/67) 
  Generating static pages using 7 workers (33/67) 
  Generating static pages using 7 workers (50/67) 
Γ£ô Generating static pages using 7 workers (67/67) in 3.1s
  Finalizing page optimization ...

Route (app)
Γöî Γùï /
Γö£ Γùï /_not-found
Γö£ Γùï /dashboard/admin
Γö£ Γùï /dashboard/admin/attendance
Γö£ Γùï /dashboard/admin/classes
Γö£ Γùï /dashboard/admin/reports
Γö£ Γùï /dashboard/admin/roles
Γö£ Γùï /dashboard/admin/schedule
Γö£ Γùï /dashboard/admin/settings
Γö£ Γùï /dashboard/admin/users
Γö£ Γùï /dashboard/csr
Γö£ Γùï /dashboard/csr/request
Γö£ Γùï /dashboard/hod
Γö£ Γùï /dashboard/hod/complaints
Γö£ Γùï /dashboard/hod/reports
Γö£ Γùï /dashboard/hod/students
Γö£ Γùï /dashboard/hod/syllabus
Γö£ Γùï /dashboard/hod/teachers
Γö£ Γùï /dashboard/hr
Γö£ Γùï /dashboard/hr/attendance
Γö£ Γùï /dashboard/hr/directory
Γö£ Γùï /dashboard/hr/leave
Γö£ Γùï /dashboard/hr/organization
Γö£ Γùï /dashboard/hr/payroll
Γö£ Γùï /dashboard/hr/recruitment
Γö£ Γùï /dashboard/monitoring
Γö£ Γùï /dashboard/monitoring/history
Γö£ Γùï /dashboard/monitoring/report
Γö£ Γùï /dashboard/scheduler
Γö£ Γùï /dashboard/scheduler/demos
Γö£ Γùï /dashboard/scheduler/makeup
Γö£ Γùï /dashboard/scheduler/preferences
Γö£ Γùï /dashboard/scheduler/schedule
Γö£ Γùï /dashboard/scheduler/teachers
Γö£ Γùï /dashboard/student
Γö£ Γùï /dashboard/student/assignments
Γö£ Γùï /dashboard/student/attendance
Γö£ Γùï /dashboard/student/complaint
Γö£ Γùï /dashboard/student/courses
Γö£ Γùï /dashboard/student/grades
Γö£ Γùï /dashboard/student/makeup
Γö£ Γùï /dashboard/student/messages
Γö£ Γùï /dashboard/student/profile
Γö£ Γùï /dashboard/student/progress
Γö£ Γùï /dashboard/student/schedule
Γö£ Γùï /dashboard/student/syllabus
Γö£ Γùï /dashboard/teacher
Γö£ Γùï /dashboard/teacher/assignments
Γö£ Γùï /dashboard/teacher/attendance
Γö£ Γùï /dashboard/teacher/messages
Γö£ Γùï /dashboard/teacher/profile
Γö£ Γùï /dashboard/teacher/progress
Γö£ Γùï /dashboard/teacher/schedule
Γö£ Γùï /dashboard/teacher/students
Γö£ ΓùÅ /dashboard/teacher/students/[id]
Γöé Γö£ /dashboard/teacher/students/1
Γöé Γö£ /dashboard/teacher/students/2
Γöé Γö£ /dashboard/teacher/students/1042
Γöé Γöö [+5 more paths]
Γö£ Γùï /dashboard/teacher/syllabus
Γö£ Γùï /forgot-password
Γöö Γùï /verify-otp


Γùï  (Static)  prerendered as static content
ΓùÅ  (SSG)     prerendered as static HTML (uses generateStaticParams)

